// Jest Snapshot v1, https://goo.gl/fbAQLP

exports[`Pruebas en la función ´manejadorDonaciones´  debe crear el snapshot de con el ´DataContext´  1`] = `ReactWrapper {}`;
